# 该列表首先按作者（或作品）进行排序，同一作者有多个长篇或诗集作品（如：《九歌》）时，再按其作品名排序，再依次按照子篇章名、诗词篇目名排序（《诗经》作品中，不按其中各章部名（如：郑风、周南等）排序，直接对篇章名（如：风雨、关雎等）排序）
# 排序依据：首先按照首字拼音字母序排序，排序时不考虑音调；拼音一致者，按首字笔画排序，顺序为“点横竖撇捺折”；再一致者，按笔画数进行排序；再一致者（应该不会有了），随缘
# 以上为单字排序原则。排序时，首字相同时，按第二个字排序，以此类推
# 对词，首先按词牌排序，词牌相同者按题目排序，题目相同或无题者按词首句排序
# 对曲，首先按曲牌排序，曲牌相同者按题目排序，题目相同或无题者按曲首句排序
# 对乐府古题或无题诗或常用古题，按诗首句排序

白居易:
	暮江吟
	忆江南（江南好,风景旧曾谙）
	忆江南（江南忆，其次忆吴宫）
	忆江南（江南忆，最忆是杭州）

曹雪芹《红楼梦》:
	枉凝眉
	（无题）（两湾似蹙非蹙罥烟眉）
	西江月（无故寻愁觅恨）
	葬花吟
	终身误

杜甫:
	饮中八仙歌

杜牧:
	重送绝句
	寄扬州韩绰判官
	遣怀
	赠别（多情却似总无情）
	赠别（娉娉袅袅十三余）

杜秋娘:
	金缕衣

范仲淹:
	苏幕遮·怀旧
	渔家傲·秋思

汉乐府:
	上邪

姜夔:
	扬州慢（淮左名都，竹西佳处）

蒋捷:
	一剪梅·舟过吴江

李白:
	梦游天姥吟留别
	菩萨蛮（平林漠漠烟如织）
	将进酒（君不见黄河之水天上来）
	三五七言（秋风清，秋月明）
	山中问答
	蜀道难（噫吁嚱，危乎高哉）
	行路难（金樽清酒斗十千）
	宣州谢脁楼饯别校书叔云
	月下独酌

李商隐:
	锦瑟
	无题（飒飒东风细雨来）
	无题（相见时难别亦难）
	夜雨寄北

李煜:
	浪淘沙令（帘外雨潺潺）
	相见欢（无言独上西楼）
	虞美人（春花秋月何时了）

柳永:
	望海潮（东南形胜，三吴都会）
	雨霖铃（寒蝉凄切，对长亭晚，骤雨初歇）

罗隐:
	蜂
	赠妓云英
	自遣

《梅庵琴谱》:
	秋风词

孟郊:
	登科后

纳兰性德:
	长相思（山一程，水一程）

欧阳修:
	临江仙（记得金銮同唱第）
	玉楼春（别后不知君远近）

秦观:
	鹊桥仙（纤云弄巧，飞星传恨）

屈原《九歌》:
	大司命
	少司命
	湘夫人
	湘君

《诗经》:
	小雅·采薇
	郑风·风雨
	周南·关雎
	秦风·蒹葭
	卫风·氓

汤显祖《牡丹亭》:
	惊梦·山桃红（则为你如花美眷）
	寻梦·江儿水（偶然间心似缱）
	游园·皂罗袍（原来姹紫嫣红开遍）

王观:
	卜算子·送鲍浩然之浙东

王国维:
	蝶恋花（阅尽天涯离别苦）

王维:
	相思

韦庄:
	菩萨蛮（洛阳城里春光好）
	菩萨蛮（劝君今夜须沉醉）
	菩萨蛮（人人尽说江南好）
	菩萨蛮（如今却忆江南乐）
	菩萨蛮（红楼别夜堪惆怅）

温庭筠:
	新添声杨柳枝（井底点灯深烛伊）
	新添声杨柳枝（一尺深红胜曲尘）

辛弃疾:
	水龙吟·登建康赏心亭

许浑:
	咸阳城东楼

晏殊:
	浣溪沙（一曲新词酒一杯）
	临江仙（梦后楼台高锁）

杨慎:
	临江仙（滚滚长江东逝水）

元好问:
	摸鱼儿·雁丘辞

元稹:
	离思

张继:
	枫桥夜泊

张若虚:
	春江花月夜

赵嘏:
	长安晚秋

周邦彦:
	关河令（秋阴时晴渐向暝）
